t_inventory:
  - id: "a07102fc-dae4-4891-92d9-3ce7e5a44714"
    product_id: "00000000-1000-0000-0000-000000000000"
    quantity: 950