t_inventory:
  - id: "a07102fc-dae4-4891-92d9-3ce7e5a44714"
    product_id: "029e11f8-4a88-4231-8d77-f72170df3afb"
    quantity: 200