t_inventory:
  - id: "1e2096bd-d92b-4df4-aeb2-b1443aae81b7"
    product_id: "91a1d3dd-4c74-43a5-ae6c-de8e0495b06c"
    quantity: 120